loc = 0001:0001-0001:0001     text = a                        token = [IDENTIFIER_T        ]     name = a
loc = 0001:0003-0001:0003     text = b                        token = [IDENTIFIER_T        ]     name = b
loc = 0001:0005-0001:0005     text = c                        token = [IDENTIFIER_T        ]     name = c
loc = 0001:0007-0001:0007     text = d                        token = [IDENTIFIER_T        ]     name = d
loc = 0002:0001-0002:0003     text = abc                      token = [IDENTIFIER_T        ]     name = abc
loc = 0003:0001-0003:0003     text = def                      token = [IDENTIFIER_T        ]     name = def
