================= SYMBOLS ================
symbol table:
  variable: d /* 3 */
  variable: c /* 2 */
  variable: b /* 1 */
  variable: a /* 0 */

=============== PARSE TREE ===============
(a /* 0 */ = 1);
(b /* 1 */ = 2);
(c /* 2 */ = (a /* 0 */ + b /* 1 */));
(d /* 3 */ = (a /* 0 */ + (b /* 1 */ * c /* 2 */)));
